function @main() -> i32 [role=entry, binding=strong, keep_alias=yes] {
  slot $tmpobj__1 : obj<1x1>

  block ^entry:
    %t1 = addr $tmpobj__1
    call void @fn_int___fn(%t1)
    %t2 = call i32 @fn_int___f(%t1, 0)
    return i32 %t2
}
function @fn_int___fn(%this : ptr) -> void [unwind=no, binding=weak, object=_ZN2fnIiEC1Ev, trivial_lifecycle=yes] {
  slot $this : ptr

  block ^entry:
    store ptr %this, $this
    return void
}
function @fn_int___f(%this : ptr, %__param1 : i32) -> i32 [binding=weak, object=_ZNK2fnIiE1fIivEEiT_] {
  slot $this : ptr
  slot $__param1 : i32

  block ^entry:
    store ptr %this, $this
    store i32 %__param1, $__param1
    return i32 0
}
alias object _ZN2fnIiEC2Ev = @fn_int___fn
