global @boost__container__dtl__value : i32 [binding=strong, object=_ZN5boost9container3dtl5valueE] = zero

function @main() -> i32 [role=entry, binding=strong, keep_alias=yes] {
  slot $p : ptr
  slot $a : i32

  block ^entry:
    store ptr 0, $p
    store i32 0, $a
    %t1 = load ptr $p
    %t2 = addr $a
    %t3 = addr @boost__container__dtl__value
    call void @boost__container__dtl__proxy_int__int___call(%t1, %t2, %t3)
    return i32 0
}
function @boost__container__dtl__proxy_int__int___call(%this : ptr, %a : ptr [pass=reference], %p : ptr) -> void [binding=weak, object=_ZN5boost9container3dtl5proxyIiJiEE4callIPiEEvRiT_] {
  slot $this : ptr
  slot $a : ptr
  slot $p : ptr
  slot $arg__1 : obj<1x1>

  block ^entry:
    store ptr %this, $this
    store ptr %a, $a
    store ptr %p, $p
    %t1 = load ptr $this
    %t2 = load ptr $a
    %t3 = addr $arg__1
    call void @boost__container__dtl__index_tuple_0___index_tuple(%t3)
    %t4 = load ptr $p
    call void @boost__container__dtl__proxy_int__int___priv(%t1, %t2, %t3, %t4)
    return void
}
function @boost__container__dtl__proxy_int__int___priv(%this : ptr, %__param1 : ptr [pass=reference], %__param2 : ptr [pass=reference], %__param3 : ptr) -> void [binding=weak, object=_ZN5boost9container3dtl5proxyIiJiEE4privIJLm0EEPiEEvRiRKNS1_11index_tupleIJXspT_EEEET0_] {
  slot $this : ptr
  slot $__param1 : ptr
  slot $__param2 : ptr
  slot $__param3 : ptr

  block ^entry:
    store ptr %this, $this
    store ptr %__param1, $__param1
    store ptr %__param2, $__param2
    store ptr %__param3, $__param3
    return void
}
function @boost__container__dtl__index_tuple_0___index_tuple(%this : ptr) -> void [unwind=no, binding=weak, object=_ZN5boost9container3dtl11index_tupleIJLm0EEEC1Ev, trivial_lifecycle=yes] {
  slot $this : ptr

  block ^entry:
    store ptr %this, $this
    return void
}
alias object _ZN5boost9container3dtl11index_tupleIJLm0EEEC2Ev = @boost__container__dtl__index_tuple_0___index_tuple
