global @converted : i32 [binding=strong, object=_Z9converted] = zero
global @seen : i32 [binding=strong, object=_Z4seen] = zero

function @consume(%value : ptr [pass=by_address]) -> void [binding=strong, object=_Z7consume6Holder] {
  slot $value : obj<8x8>
  slot $cond__1 : i32

  block ^entry:
    %t1 = index i8 [projection=field] %value, 0
    %t2 = load ptr %t1
    branch %t2, ^cond_then_1, ^cond_else_2

  block ^cond_then_1:
    %t3 = index i8 [projection=field] %value, 0
    %t4 = load ptr %t3
    %t5 = load i32 %t4
    store i32 %t5, $cond__1
    jump ^cond_end_3

  block ^cond_else_2:
    %t6 = unary neg i32 1
    store i32 %t6, $cond__1
    jump ^cond_end_3

  block ^cond_end_3:
    %t7 = load i32 $cond__1
    store i32 %t7, @seen
    return void
}
function @main() -> i32 [role=entry, binding=strong, keep_alias=yes] {
  slot $x : i32
  slot $h : obj<8x8>
  slot $arg__1 : obj<8x8>
  slot $cond__2 : i32
  slot $land__3 : i64

  block ^entry:
    store i32 9, $x
    %t1 = addr $h
    %t2 = addr $x
    call void @Holder__Holder(%t1, %t2)
    %t3 = addr $arg__1
    %t4 = addr $h
    %t5 = call ptr @forward_like(%t4)
    call void @Holder__Holder__ov2(%t3, %t5)
    call void @consume(%t3)
    %t6 = load i32 @seen
    %t7 = cmp eq i32 %t6, 9
    branch %t7, ^land_rhs_4, ^land_short_5

  block ^land_rhs_4:
    %t8 = load i32 @converted
    %t9 = cmp eq i32 %t8, 0
    %t10 = cmp ne i64 %t9, 0
    store i64 %t10, $land__3
    jump ^land_end_6

  block ^land_short_5:
    store i64 0, $land__3
    jump ^land_end_6

  block ^land_end_6:
    %t11 = load i64 $land__3
    branch %t11, ^cond_then_1, ^cond_else_2

  block ^cond_then_1:
    store i32 0, $cond__2
    jump ^cond_end_3

  block ^cond_else_2:
    store i32 1, $cond__2
    jump ^cond_end_3

  block ^cond_end_3:
    %t12 = load i32 $cond__2
    return i32 %t12
}
function @forward_like(%value : ptr [pass=reference]) -> ptr [binding=weak, object=_Z12forward_likeI6HolderEOT_RS1_] {
  slot $value : ptr

  block ^entry:
    store ptr %value, $value
    %t1 = load ptr $value
    return ptr %t1
}
function @Holder__Holder(%this : ptr, %q : ptr) -> void [binding=weak, object=_ZN6HolderC1EPi] {
  slot $this : ptr
  slot $q : ptr

  block ^entry:
    store ptr %this, $this
    store ptr %q, $q
    %t1 = load ptr $q
    %t2 = load ptr $this
    %t3 = index i8 [projection=field] %t2, 0
    store ptr %t1, %t3
    return void
}
function @Holder__Holder__ov2(%this : ptr, %other : ptr [pass=reference]) -> void [binding=weak, object=_ZN6HolderC1EOS_] {
  slot $this : ptr
  slot $other : ptr

  block ^entry:
    store ptr %this, $this
    store ptr %other, $other
    %t1 = load ptr $other
    %t2 = index i8 [projection=field] %t1, 0
    %t3 = load ptr %t2
    %t4 = load ptr $this
    %t5 = index i8 [projection=field] %t4, 0
    store ptr %t3, %t5
    %t6 = load ptr $other
    %t7 = index i8 [projection=field] %t6, 0
    store ptr 0, %t7
    return void
}
alias object _ZN6HolderC2EPi = @Holder__Holder
alias object _ZN6HolderC2EOS_ = @Holder__Holder__ov2
