function @main() -> i32 [role=entry, binding=strong, keep_alias=yes] {
  slot $it : obj<1x1>

  block ^entry:
    %t1 = addr $it
    %t2 = addr $it
    %t3 = call ptr @convert_iterator_map_iterator_map_const__0____call__ov3(%t2)
    return i32 0
}
function @convert_iterator_map_iterator_map_const__0____call__ov3(%x : ptr [pass=reference]) -> ptr [binding=weak, object=_ZN16convert_iteratorI12map_iteratorIK3mapLi0EEE4callERKS3_] {
  slot $x : ptr
  slot $argobj__1 : obj<1x1>

  block ^entry:
    store ptr %x, $x
    %t1 = load ptr $x
    %t2 = addr $argobj__1
    call void @true_tag__true_tag(%t2)
    %t3 = call ptr @convert_iterator_map_iterator_map_const__0____call(%t1, $argobj__1)
    return ptr %t3
}
function @true_tag__true_tag(%this : ptr) -> void [unwind=no, binding=weak, object=_ZN8true_tagC1Ev, trivial_lifecycle=yes] {
  slot $this : ptr

  block ^entry:
    store ptr %this, $this
    return void
}
function @convert_iterator_map_iterator_map_const__0____call(%x : ptr [pass=reference], %__param1 : obj<1x1>) -> ptr [binding=weak, object=_ZN16convert_iteratorI12map_iteratorIK3mapLi0EEE4callERKS3_8true_tag] {
  slot $x : ptr
  slot $__param1 : obj<1x1>

  block ^entry:
    store ptr %x, $x
    %t1 = load ptr $x
    return ptr %t1
}
alias object _ZN8true_tagC2Ev = @true_tag__true_tag
