function @main() -> i32 [role=entry, binding=strong, keep_alias=yes] {
  slot $a : obj<4x4>
  slot $d : obj<4x4>
  slot $cond__1 : i32

  block ^entry:
    %t1 = addr $a
    call void @arg__arg(%t1, 7)
    %t2 = addr $d
    %t3 = addr $a
    call void @derived_int___derived__ov3(%t2, %t3)
    %t4 = addr $d
    %t5 = index i8 [projection=base_subobject] %t4, 0
    %t6 = index i8 [projection=field] %t5, 0
    %t7 = load i32 %t6
    %t8 = cmp eq i32 %t7, 7
    branch %t8, ^cond_then_1, ^cond_else_2

  block ^cond_then_1:
    store i32 0, $cond__1
    jump ^cond_end_3

  block ^cond_else_2:
    store i32 1, $cond__1
    jump ^cond_end_3

  block ^cond_end_3:
    %t9 = load i32 $cond__1
    return i32 %t9
}
function @derived_int___derived__ov3(%this : ptr, %u : ptr [pass=reference]) -> void [binding=weak, object=_ZN7derivedIiEC1I3argEEOT_] {
  slot $this : ptr
  slot $u : ptr

  block ^entry:
    store ptr %this, $this
    store ptr %u, $u
    %t1 = load ptr $this
    %t2 = index i8 [projection=base_subobject] %t1, 0
    %t3 = load ptr $u
    call void @base_int___base__ov3__base_entry(%t2, %t3)
    return void
}
function @base_int___base__ov3__base_entry(%this : ptr, %u : ptr [pass=reference]) -> void [binding=weak, object=_ZN4baseIiEC2I3argEEOT_] {
  slot $this : ptr
  slot $u : ptr

  block ^entry:
    store ptr %this, $this
    store ptr %u, $u
    %t1 = load ptr $u
    %t2 = index i8 [projection=field] %t1, 0
    %t3 = load i32 %t2
    %t4 = load ptr $this
    %t5 = index i8 [projection=field] %t4, 0
    store i32 %t3, %t5
    return void
}
function @arg__arg(%this : ptr, %v : i32) -> void [binding=weak, object=_ZN3argC1Ei] {
  slot $this : ptr
  slot $v : i32

  block ^entry:
    store ptr %this, $this
    store i32 %v, $v
    %t1 = load i32 $v
    %t2 = load ptr $this
    %t3 = index i8 [projection=field] %t2, 0
    store i32 %t1, %t3
    return void
}
alias object _ZN7derivedIiEC2I3argEEOT_ = @derived_int___derived__ov3
alias object _ZN3argC2Ei = @arg__arg
