function @main() -> i32 [role=entry, binding=strong, keep_alias=yes] {
  slot $src_buf : obj<2x1>
  slot $dst_buf : obj<2x1>
  slot $src : ptr
  slot $dst : ptr
  slot $tmpobj__1 : obj<16x8>

  block ^entry:
    %t1 = addr $src_buf
    store i8 97, %t1
    %t2 = index i8 %t1, 1
    store i8 98, %t2
    %t3 = addr $dst_buf
    store i8 0, %t3
    %t4 = index i8 %t3, 1
    store i8 0, %t4
    %t5 = addr $src_buf
    %t6 = unary decay ptr %t5
    store ptr %t6, $src
    %t7 = addr $dst_buf
    %t8 = unary decay ptr %t7
    store ptr %t8, $dst
    %t9 = addr $tmpobj__1
    %t10 = load ptr $src
    %t11 = load ptr $dst
    %t12 = call obj<16x8> @helper(%t10, 2, %t11)
    copyobj 16x8 %t12, %t9
    %t13 = index i8 [projection=field] %t9, 8
    %t14 = load ptr %t13
    %t15 = load ptr $dst
    %t16 = binary sub ptr %t14, %t15
    %t17 = convert trunc i32 i64 %t16
    return i32 %t17
}
function @helper(%first : ptr, %n : i64, %result : ptr) -> obj<16x8> [binding=weak, object=_Z6helperI6PolicyPcS1_TnN9enable_ifIXsr6is_ptrIT0_EE5valueEiE4typeELi0EE4PairIS3_T1_ES3_N7IterOpsIT_E15difference_typeIS3_EES7_] {
  slot $first : ptr
  slot $n : i64
  slot $result : ptr
  slot $p : obj<16x8>
  slot $retobj__1 : obj<16x8>

  block ^entry:
    store ptr %first, $first
    store i64 %n, $n
    store ptr %result, $result
    %t1 = addr $p
    %t2 = load ptr $first
    %t3 = addr $p
    %t4 = index i8 [projection=field] %t3, 0
    store ptr %t2, %t4
    %t5 = load ptr $result
    %t6 = addr $p
    %t7 = index i8 [projection=field] %t6, 8
    store ptr %t5, %t7
    %t8 = addr $retobj__1
    %t9 = addr $p
    copyobj 16x8 %t9, %t8
    return obj<16x8> $retobj__1
}
