global @box__selected : i32 [binding=strong, object=_ZN3box8selectedE] = 0
global @global_value [binding=strong, object=_Z12global_value] = {
  zero 1
}

function @source() -> ptr [binding=strong, object=_Z6sourcev] {
  block ^entry:
    %t1 = addr @global_value
    return ptr %t1
}
function @main() -> i32 [role=entry, binding=strong, keep_alias=yes] {
  slot $tmp : obj<1x1>

  block ^entry:
    %t1 = addr $tmp
    %t2 = call ptr @source()
    call void @box__box__ov3(%t1, %t2)
    %t3 = load i32 @box__selected
    %t4 = binary sub i32 %t3, 1
    return i32 %t4
}
function @box__box__ov3(%this : ptr, %__param1 : ptr [pass=reference]) -> void [binding=weak, object=_ZN3boxC1I5valueEERKT_] {
  slot $this : ptr
  slot $__param1 : ptr

  block ^entry:
    store ptr %this, $this
    store ptr %__param1, $__param1
    store i32 1, @box__selected
    return void
}
function @__cppgm_init() -> void [role=init, binding=internal] {
  block ^entry:
    return void
}
alias object _ZN3boxC2I5valueEERKT_ = @box__box__ov3
