function @main() -> i32 [role=entry, binding=strong, keep_alias=yes] {
  block ^entry:
    %t1 = call i32 @Box_int__int__int___select()
    return i32 %t1
}
function @Box_int__int__int___select() -> i32 [arity=variadic, binding=weak, object=_ZN3BoxIJiiiEE6selectEz] {
  block ^entry:
    return i32 0
}
