function @main() -> i32 [role=entry, binding=strong, keep_alias=yes] {
  slot $b : obj<4x4>
  slot $argobj__1 : obj<4x4>
  slot $tmpobj__2 : obj<4x4>
  slot $cond__3 : i32

  block ^entry:
    %t1 = addr $b
    call void @box_int__long_int__char___box(%t1)
    %t2 = addr $b
    %t3 = addr $argobj__1
    %t4 = addr $tmpobj__2
    call void @source_int___source(%t4, 7)
    %t5 = call obj<4x4> @source_int___operatorimpl_type(%t4)
    copyobj 4x4 %t5, %t3
    %t6 = call ptr @box_int__long_int__char___operator_(%t2, $argobj__1)
    %t7 = addr $b
    %t8 = index i8 [projection=field] %t7, 0
    %t9 = load i32 %t8
    %t10 = cmp eq i32 %t9, 7
    branch %t10, ^cond_then_1, ^cond_else_2

  block ^cond_then_1:
    store i32 0, $cond__3
    jump ^cond_end_3

  block ^cond_else_2:
    store i32 1, $cond__3
    jump ^cond_end_3

  block ^cond_end_3:
    %t11 = load i32 $cond__3
    return i32 %t11
}
function @box_int__long_int__char___box(%this : ptr) -> void [binding=weak, object=_ZN3boxIilcEC1Ev] {
  slot $this : ptr

  block ^entry:
    store ptr %this, $this
    %t1 = load ptr $this
    %t2 = index i8 [projection=field] %t1, 0
    store i32 0, %t2
    return void
}
function @box_int__long_int__char___operator_(%this : ptr, %other : obj<4x4>) -> ptr [binding=weak, object=_ZN3boxIilcEaSES0_] {
  slot $this : ptr
  slot $other : obj<4x4>

  block ^entry:
    store ptr %this, $this
    %t1 = addr $other
    copyobj 4x4 %other, %t1
    %t2 = addr $other
    %t3 = index i8 [projection=field] %t2, 0
    %t4 = load i32 %t3
    %t5 = load ptr $this
    %t6 = index i8 [projection=field] %t5, 0
    store i32 %t4, %t6
    %t7 = load ptr $this
    return ptr %t7
}
function @source_int___source(%this : ptr, %v : i32) -> void [binding=weak, object=_ZN6sourceIiEC1Ei] {
  slot $this : ptr
  slot $v : i32

  block ^entry:
    store ptr %this, $this
    store i32 %v, $v
    %t1 = load i32 $v
    %t2 = load ptr $this
    %t3 = index i8 [projection=field] %t2, 0
    store i32 %t1, %t3
    return void
}
function @source_int___operatorimpl_type(%this : ptr) -> obj<4x4> [binding=weak, object=_ZNK6sourceIiEcv3boxIilcEEv] {
  slot $this : ptr
  slot $retobj__1 : obj<4x4>

  block ^entry:
    store ptr %this, $this
    %t1 = addr $retobj__1
    %t2 = load ptr $this
    %t3 = index i8 [projection=field] %t2, 0
    %t4 = load i32 %t3
    call void @box_int__long_int__char___box__ov2(%t1, %t4)
    return obj<4x4> $retobj__1
}
function @box_int__long_int__char___box__ov2(%this : ptr, %v : i32) -> void [binding=weak, object=_ZN3boxIilcEC1Ei] {
  slot $this : ptr
  slot $v : i32

  block ^entry:
    store ptr %this, $this
    store i32 %v, $v
    %t1 = load i32 $v
    %t2 = load ptr $this
    %t3 = index i8 [projection=field] %t2, 0
    store i32 %t1, %t3
    return void
}
alias object _ZN3boxIilcEC2Ev = @box_int__long_int__char___box
alias object _ZN6sourceIiEC2Ei = @source_int___source
alias object _ZN3boxIilcEC2Ei = @box_int__long_int__char___box__ov2
