function @main() -> i32 [role=entry, binding=strong, keep_alias=yes] {
  slot $cond__1 : i32

  block ^entry:
    %t1 = call i64 @to_unsigned_like(5)
    %t2 = cmp eq i64 %t1, 5
    branch %t2, ^cond_then_1, ^cond_else_2

  block ^cond_then_1:
    store i32 0, $cond__1
    jump ^cond_end_3

  block ^cond_else_2:
    store i32 1, $cond__1
    jump ^cond_end_3

  block ^cond_end_3:
    %t3 = load i32 $cond__1
    return i32 %t3
}
function @to_unsigned_like(%value : i64) -> i64 [binding=weak, object=_Z16to_unsigned_likeIlEN7copy_cvIT_E5applyIN13make_unsignedIS1_E4typeEEES1_] {
  slot $value : i64

  block ^entry:
    store i64 %value, $value
    %t1 = load i64 $value
    %t2 = copy i64 %t1
    return i64 %t2
}
