function @main() -> i32 [role=entry, binding=strong, keep_alias=yes] {
  slot $value : i32
  slot $b : obj<1x1>
  slot $cond__1 : i32

  block ^entry:
    store i32 0, $value
    %t1 = addr $b
    %t2 = addr $b
    %t3 = addr $value
    %t4 = addr $value
    %t5 = call i32 @box_int_____run(%t2, %t3, %t4)
    %t6 = cmp eq i32 %t5, 2
    branch %t6, ^cond_then_1, ^cond_else_2

  block ^cond_then_1:
    store i32 0, $cond__1
    jump ^cond_end_3

  block ^cond_else_2:
    store i32 1, $cond__1
    jump ^cond_end_3

  block ^cond_end_3:
    %t7 = load i32 $cond__1
    return i32 %t7
}
function @box_int_____run(%this : ptr, %first : ptr, %last : ptr) -> i32 [binding=weak, object=_ZN3boxIPiE3runES0_S0_] {
  slot $this : ptr
  slot $first : ptr
  slot $last : ptr

  block ^entry:
    store ptr %this, $this
    store ptr %first, $first
    store ptr %last, $last
    %t1 = load ptr $this
    %t2 = load ptr $first
    %t3 = load ptr $last
    %t4 = call i32 @box_int_____pick(%t1, %t2, %t3)
    return i32 %t4
}
function @box_int_____pick(%this : ptr, %__param1 : ptr, %__param2 : ptr) -> i32 [binding=weak, object=_ZN3boxIPiE4pickIS0_TnN9enable_ifIXsr6is_ptrIT_EE5valueEiE4typeELi0EEEiS4_S4_] {
  slot $this : ptr
  slot $__param1 : ptr
  slot $__param2 : ptr

  block ^entry:
    store ptr %this, $this
    store ptr %__param1, $__param1
    store ptr %__param2, $__param2
    return i32 2
}
