declare global @__external_rtti_vtable____class_type_info [binding=strong, object=_ZTVN10__cxxabiv117__class_type_infoE]
declare global @__external_rtti_vtable____si_class_type_info [binding=strong, object=_ZTVN10__cxxabiv120__si_class_type_infoE]
declare function @operator_delete(%arg0 : ptr) -> void [unwind=no, binding=strong, object=cppgm_builtin_operator_delete]
declare function @operator_new(%arg0 : i64) -> ptr [binding=strong, object=cppgm_builtin_operator_new]
declare function @__cxa_pure_virtual(%arg0 : ptr) -> void [effects=readnone, unwind=no, return=noreturn, binding=strong]

global @__typeinfo_name__struct_Impl [storage=readonly, binding=weak, object=_ZTS4Impl] = {
  i8 52
  i8 73
  i8 109
  i8 112
  i8 108
  i8 0
}
global @__typeinfo_name__struct_Base [storage=readonly, binding=weak, object=_ZTS4Base] = {
  i8 52
  i8 66
  i8 97
  i8 115
  i8 101
  i8 0
}
global @__rtti_struct_Base [storage=readonly, binding=weak, object=_ZTI4Base] = {
  ptr addr @__external_rtti_vtable____class_type_info + 16
  ptr addr @__typeinfo_name__struct_Base
}
global @__rtti_struct_Impl [storage=readonly, binding=weak, object=_ZTI4Impl] = {
  ptr addr @__external_rtti_vtable____si_class_type_info + 16
  ptr addr @__typeinfo_name__struct_Impl
  ptr addr @__rtti_struct_Base
}
global @Impl__vtable [storage=readonly, binding=weak, object=_ZTV4Impl] = {
  i64 0
  ptr addr @__rtti_struct_Impl
  ptr addr @Impl__destroy
  ptr addr @Impl___Impl
  ptr addr @Impl___Impl__deleting_entry
}
global @Base__vtable [storage=readonly, binding=weak, object=_ZTV4Base] = {
  i64 0
  ptr addr @__rtti_struct_Base
  ptr addr @__cxa_pure_virtual
  ptr addr @Base___Base
  ptr addr @Base___Base__deleting_entry
}

function @main() -> i32 [role=entry, binding=strong, keep_alias=yes] {
  slot $base : ptr

  block ^entry:
    %t1 = call ptr @Impl__create()
    store ptr %t1, $base
    %t2 = load ptr $base
    %t3 = load ptr %t2
    %t4 = load ptr %t3
    call void %t4(%t2) as (%arg0 : ptr) -> void
    return i32 0
}
function @Impl__create() -> ptr [binding=weak, object=_ZN4Impl6createEv] {
  block ^entry:
    %t1 = convert sext i64 i32 8
    %t2 = call ptr @operator_new(%t1)
    call void @Impl__Impl(%t2)
    %t3 = index i8 [projection=base_subobject] %t2, 0
    return ptr %t3
}
function @Impl__Impl(%this : ptr) -> void [binding=weak, object=_ZN4ImplC1Ev] {
  slot $this : ptr

  block ^entry:
    store ptr %this, $this
    %t1 = load ptr $this
    %t2 = index i8 [projection=base_subobject] %t1, 0
    call void @Base__Base__base_entry(%t2)
    %t3 = load ptr $this
    %t4 = addr @Impl__vtable
    %t5 = index i8 %t4, 16
    store ptr %t5, %t3
    return void
}
function @Impl__destroy(%this : ptr) -> void [binding=weak, object=_ZN4Impl7destroyEv] {
  slot $this : ptr

  block ^entry:
    store ptr %this, $this
    %t1 = load ptr $this
    %t2 = cmp ne ptr %t1, 0
    branch %t2, ^delete_nonnull_1, ^delete_end_2

  block ^delete_nonnull_1:
    %t3 = load ptr %t1
    %t4 = index i8 %t3, 16
    %t5 = load ptr %t4
    call void %t5(%t1) as (%arg0 : ptr) -> void
    jump ^delete_end_2

  block ^delete_end_2:
    return void
}
function @Impl___Impl__deleting_entry(%this : ptr) -> void [binding=weak, object=_ZN4ImplD0Ev] {
  slot $this : ptr

  block ^entry:
    store ptr %this, $this
    %t1 = load ptr $this
    %t2 = addr @Impl__vtable
    %t3 = index i8 %t2, 16
    store ptr %t3, %t1
    %t4 = load ptr $this
    %t5 = index i8 [projection=base_subobject] %t4, 0
    call void @Base___Base__base_entry(%t5)
    %t6 = load ptr $this
    call void @operator_delete(%t6)
    return void
}
function @Impl___Impl(%this : ptr) -> void [binding=weak, object=_ZN4ImplD1Ev] {
  slot $this : ptr

  block ^entry:
    store ptr %this, $this
    %t1 = load ptr $this
    %t2 = addr @Impl__vtable
    %t3 = index i8 %t2, 16
    store ptr %t3, %t1
    %t4 = load ptr $this
    %t5 = index i8 [projection=base_subobject] %t4, 0
    call void @Base___Base__base_entry(%t5)
    return void
}
function @Base__Base__base_entry(%this : ptr) -> void [binding=weak, object=_ZN4BaseC2Ev] {
  slot $this : ptr

  block ^entry:
    store ptr %this, $this
    %t1 = load ptr $this
    %t2 = addr @Base__vtable
    %t3 = index i8 %t2, 16
    store ptr %t3, %t1
    return void
}
function @Base__Base(%this : ptr) -> void [binding=weak, object=_ZN4BaseC1Ev] {
  slot $this : ptr

  block ^entry:
    store ptr %this, $this
    %t1 = load ptr $this
    %t2 = addr @Base__vtable
    %t3 = index i8 %t2, 16
    store ptr %t3, %t1
    return void
}
function @Base___Base__base_entry(%this : ptr) -> void [binding=weak, object=_ZN4BaseD2Ev] {
  slot $this : ptr

  block ^entry:
    store ptr %this, $this
    %t1 = load ptr $this
    %t2 = addr @Base__vtable
    %t3 = index i8 %t2, 16
    store ptr %t3, %t1
    return void
}
function @Base___Base__deleting_entry(%this : ptr) -> void [binding=weak, object=_ZN4BaseD0Ev] {
  slot $this : ptr

  block ^entry:
    store ptr %this, $this
    %t1 = load ptr $this
    %t2 = addr @Base__vtable
    %t3 = index i8 %t2, 16
    store ptr %t3, %t1
    %t4 = load ptr $this
    call void @operator_delete(%t4)
    return void
}
function @Base___Base(%this : ptr) -> void [binding=weak, object=_ZN4BaseD1Ev] {
  slot $this : ptr

  block ^entry:
    store ptr %this, $this
    %t1 = load ptr $this
    %t2 = addr @Base__vtable
    %t3 = index i8 %t2, 16
    store ptr %t3, %t1
    return void
}
alias object _ZN4ImplC2Ev = @Impl__Impl
alias object _ZN4ImplD2Ev = @Impl___Impl
alias object _ZN4BaseC2Ev = @Base__Base
alias object _ZN4BaseD2Ev = @Base___Base
