function @f() -> void [binding=strong, object=_Z1fv] {
  slot $a : obj<1x1>

  block ^entry:
    %t1 = addr $a
    %t2 = unary decay ptr %t1
    %t3 = index i8 [projection=array_element] %t2, 0
    call void @Local__local_16583248074186681365__Local(%t3)
    %t4 = addr $a
    %t5 = unary decay ptr %t4
    call void @sift(%t5)
    return void
}
function @main() -> i32 [role=entry, binding=strong, keep_alias=yes] {
  block ^entry:
    return i32 0
}
function @sift(%p : ptr) -> void [binding=weak, object=_Z4siftIZ1fvE5LocalEvPT_] {
  slot $p : ptr
  slot $top : obj<1x1>

  block ^entry:
    store ptr %p, $p
    %t1 = addr $top
    %t2 = load ptr $p
    %t3 = call ptr @Ops_Policy___iter_move(%t2)
    call void @Local__local_16583248074186681365__Local__ov3(%t1, %t3)
    return void
}
function @Ops_Policy___iter_move(%i : ptr [pass=reference]) -> ptr [binding=weak, object=_ZN3OpsI6PolicyE9iter_moveIZ1fvE5LocalEEOT_RS4_] {
  slot $i : ptr

  block ^entry:
    store ptr %i, $i
    %t1 = load ptr $i
    %t2 = call ptr @move_like(%t1)
    return ptr %t2
}
function @move_like(%t : ptr [pass=reference]) -> ptr [binding=weak, object=_Z9move_likeIZ1fvE5LocalEOT_RS1_] {
  slot $t : ptr

  block ^entry:
    store ptr %t, $t
    %t1 = load ptr $t
    return ptr %t1
}
function @Local__local_16583248074186681365__Local(%this : ptr) -> void [binding=weak, object=_ZZ1fvEN5LocalC1Ev] {
  slot $this : ptr

  block ^entry:
    store ptr %this, $this
    return void
}
function @Local__local_16583248074186681365__Local__ov3(%this : ptr, %__param1 : ptr [pass=reference]) -> void [binding=weak, object=_ZZ1fvEN5LocalC1EOS_] {
  slot $this : ptr
  slot $__param1 : ptr

  block ^entry:
    store ptr %this, $this
    store ptr %__param1, $__param1
    return void
}
alias object _ZZ1fvEN5LocalC2Ev = @Local__local_16583248074186681365__Local
alias object _ZZ1fvEN5LocalC2EOS_ = @Local__local_16583248074186681365__Local__ov3
