global @a [binding=strong, object=_Z1a] = {
  zero 1
}
global @b [binding=strong, object=_Z1b] = {
  zero 1
}

function @main() -> i32 [role=entry, binding=strong, keep_alias=yes] {
  block ^entry:
    %t1 = addr @a
    %t2 = addr @b
    call void @Box_int__int__LayoutImpl___f(%t1, %t2)
    return i32 0
}
function @Box_int__int__LayoutImpl___f(%this : ptr, %__param1 : ptr [pass=reference]) -> void [binding=weak, object=_ZN3BoxIii10LayoutImplE1fERS1_] {
  slot $this : ptr
  slot $__param1 : ptr

  block ^entry:
    store ptr %this, $this
    store ptr %__param1, $__param1
    return void
}
function @__cppgm_init() -> void [role=init, binding=internal] {
  block ^entry:
    return void
}
