global @seed [binding=strong, object=_Z4seed] = {
  zero 1
}
global @value [binding=strong, object=_Z5value] = {
  zero 1
}

function @main() -> i32 [role=entry, binding=strong, keep_alias=yes] {
  block ^entry:
    return i32 0
}
function @__cppgm_init() -> void [role=init, binding=internal] {
  block ^entry:
    return void
}
