1 translation units
start translation unit 1
translation-unit
  variable selected int
  function-definition take function of (nullptr_t) returning void
    parameter  nullptr_t
    compound-statement
      expression-statement
        assignment-expression lvalue int OP_ASS:=
          id-expression lvalue int selected
          literal prvalue int 1
  function-definition run function of () returning int
    compound-statement
      expression-statement
        call-expression prvalue void
          callee take function of (nullptr_t) returning void
          literal prvalue nullptr_t 0
      return-statement
        conditional-expression prvalue int
          binary-expression prvalue bool OP_EQ:==
            id-expression lvalue int selected
            literal prvalue int 1
          literal prvalue int 0
          literal prvalue int 1
end translation unit
