declare global @__external_rtti_vtable____class_type_info [binding=strong, object=_ZTVN10__cxxabiv117__class_type_infoE]
declare global @__external_rtti_vtable____vmi_class_type_info [binding=strong, object=_ZTVN10__cxxabiv121__vmi_class_type_infoE]
declare function @operator_delete(%arg0 : ptr) -> void [unwind=no, binding=strong, object=cppgm_builtin_operator_delete]

global @__typeinfo_name__class_YC [storage=readonly, binding=weak, object=_ZTS2YC] = {
  i8 50
  i8 89
  i8 67
  i8 0
}
global @__typeinfo_name__class_YA [storage=readonly, binding=weak, object=_ZTS2YA] = {
  i8 50
  i8 89
  i8 65
  i8 0
}
global @__rtti_class_YA [storage=readonly, binding=weak, object=_ZTI2YA] = {
  ptr addr @__external_rtti_vtable____class_type_info + 16
  ptr addr @__typeinfo_name__class_YA
}
global @__typeinfo_name__class_YB [storage=readonly, binding=weak, object=_ZTS2YB] = {
  i8 50
  i8 89
  i8 66
  i8 0
}
global @__rtti_class_YB [storage=readonly, binding=weak, object=_ZTI2YB] = {
  ptr addr @__external_rtti_vtable____class_type_info + 16
  ptr addr @__typeinfo_name__class_YB
}
global @__rtti_class_YC [storage=readonly, binding=weak, object=_ZTI2YC] = {
  ptr addr @__external_rtti_vtable____vmi_class_type_info + 16
  ptr addr @__typeinfo_name__class_YC
  i32 0
  i32 2
  ptr addr @__rtti_class_YA
  i64 2
  ptr addr @__rtti_class_YB
  i64 2050
}
global @YC__vtable [storage=readonly, binding=weak, object=_ZTV2YC] = {
  i64 0
  ptr addr @__rtti_class_YC
  ptr addr @YA__g
  ptr addr @YC___YC
  ptr addr @YC___YC__deleting_entry
}
global @YC____view__YB__8__vtable [storage=readonly, binding=weak, object=@YC____view__YB__8__vtable] = {
  ptr addr @_YC___YC__vtable_return_adjust
  ptr addr @_YC___YC__deleting_entry__vtable_return_adjust
}
global @YA__vtable [storage=readonly, binding=weak, object=_ZTV2YA] = {
  i64 0
  ptr addr @__rtti_class_YA
  ptr addr @YA__g
  ptr addr @YA___YA
  ptr addr @YA___YA__deleting_entry
}
global @YB__vtable [storage=readonly, binding=weak, object=_ZTV2YB] = {
  i64 0
  ptr addr @__rtti_class_YB
  ptr addr @YB___YB
  ptr addr @YB___YB__deleting_entry
}

function @main() -> i32 [role=entry, binding=strong, keep_alias=yes] {
  slot $c : obj<16x8>

  block ^entry:
    %t1 = addr $c
    call void @YC__YC(%t1)
    %t2 = addr $c
    call void @YC___YC(%t2)
    return i32 0
}
function @YC__YC(%this : ptr) -> void [unwind=no, binding=weak, object=_ZN2YCC1Ev] {
  slot $this : ptr

  block ^entry:
    store ptr %this, $this
    %t1 = load ptr $this
    %t2 = index i8 [projection=base_subobject] %t1, 0
    call void @YA__YA__base_entry(%t2)
    %t3 = load ptr $this
    %t4 = index i8 [projection=base_subobject] %t3, 8
    call void @YB__YB__base_entry(%t4)
    %t5 = load ptr $this
    %t6 = addr @YC__vtable
    %t7 = index i8 %t6, 16
    store ptr %t7, %t5
    %t8 = load ptr $this
    %t9 = index i8 [projection=base_subobject] %t8, 8
    %t10 = addr @YC____view__YB__8__vtable
    store ptr %t10, %t9
    return void
}
function @YC___YC__deleting_entry(%this : ptr) -> void [binding=weak, object=_ZN2YCD0Ev] {
  slot $this : ptr

  block ^entry:
    store ptr %this, $this
    %t1 = load ptr $this
    %t2 = addr @YC__vtable
    %t3 = index i8 %t2, 16
    store ptr %t3, %t1
    %t4 = load ptr $this
    %t5 = index i8 [projection=base_subobject] %t4, 8
    %t6 = addr @YC____view__YB__8__vtable
    store ptr %t6, %t5
    %t7 = load ptr $this
    %t8 = index i8 [projection=base_subobject] %t7, 8
    call void @YB___YB__base_entry(%t8)
    %t9 = load ptr $this
    %t10 = index i8 [projection=base_subobject] %t9, 0
    call void @YA___YA__base_entry(%t10)
    %t11 = load ptr $this
    call void @operator_delete(%t11)
    return void
}
function @YC___YC(%this : ptr) -> void [binding=weak, object=_ZN2YCD1Ev] {
  slot $this : ptr

  block ^entry:
    store ptr %this, $this
    %t1 = load ptr $this
    %t2 = addr @YC__vtable
    %t3 = index i8 %t2, 16
    store ptr %t3, %t1
    %t4 = load ptr $this
    %t5 = index i8 [projection=base_subobject] %t4, 8
    %t6 = addr @YC____view__YB__8__vtable
    store ptr %t6, %t5
    %t7 = load ptr $this
    %t8 = index i8 [projection=base_subobject] %t7, 8
    call void @YB___YB__base_entry(%t8)
    %t9 = load ptr $this
    %t10 = index i8 [projection=base_subobject] %t9, 0
    call void @YA___YA__base_entry(%t10)
    return void
}
function @YA__g(%this : ptr) -> i32 [binding=weak, object=_ZN2YA1gEv] {
  slot $this : ptr

  block ^entry:
    store ptr %this, $this
    return i32 0
}
function @YA__YA__base_entry(%this : ptr) -> void [unwind=no, binding=weak, object=_ZN2YAC2Ev] {
  slot $this : ptr

  block ^entry:
    store ptr %this, $this
    %t1 = load ptr $this
    %t2 = addr @YA__vtable
    %t3 = index i8 %t2, 16
    store ptr %t3, %t1
    return void
}
function @YB__YB__base_entry(%this : ptr) -> void [unwind=no, binding=weak, object=_ZN2YBC2Ev] {
  slot $this : ptr

  block ^entry:
    store ptr %this, $this
    %t1 = load ptr $this
    %t2 = addr @YB__vtable
    %t3 = index i8 %t2, 16
    store ptr %t3, %t1
    return void
}
function @YB___YB__base_entry(%this : ptr) -> void [binding=weak, object=_ZN2YBD2Ev] {
  slot $this : ptr

  block ^entry:
    store ptr %this, $this
    %t1 = load ptr $this
    %t2 = addr @YB__vtable
    %t3 = index i8 %t2, 16
    store ptr %t3, %t1
    return void
}
function @YB___YB__deleting_entry(%this : ptr) -> void [binding=weak, object=_ZN2YBD0Ev] {
  slot $this : ptr

  block ^entry:
    store ptr %this, $this
    %t1 = load ptr $this
    %t2 = addr @YB__vtable
    %t3 = index i8 %t2, 16
    store ptr %t3, %t1
    %t4 = load ptr $this
    call void @operator_delete(%t4)
    return void
}
function @YB___YB(%this : ptr) -> void [binding=weak, object=_ZN2YBD1Ev] {
  slot $this : ptr

  block ^entry:
    store ptr %this, $this
    %t1 = load ptr $this
    %t2 = addr @YB__vtable
    %t3 = index i8 %t2, 16
    store ptr %t3, %t1
    return void
}
function @YA___YA__base_entry(%this : ptr) -> void [binding=weak, object=_ZN2YAD2Ev] {
  slot $this : ptr

  block ^entry:
    store ptr %this, $this
    %t1 = load ptr $this
    %t2 = addr @YA__vtable
    %t3 = index i8 %t2, 16
    store ptr %t3, %t1
    return void
}
function @YA___YA__deleting_entry(%this : ptr) -> void [binding=weak, object=_ZN2YAD0Ev] {
  slot $this : ptr

  block ^entry:
    store ptr %this, $this
    %t1 = load ptr $this
    %t2 = addr @YA__vtable
    %t3 = index i8 %t2, 16
    store ptr %t3, %t1
    %t4 = load ptr $this
    call void @operator_delete(%t4)
    return void
}
function @YA___YA(%this : ptr) -> void [binding=weak, object=_ZN2YAD1Ev] {
  slot $this : ptr

  block ^entry:
    store ptr %this, $this
    %t1 = load ptr $this
    %t2 = addr @YA__vtable
    %t3 = index i8 %t2, 16
    store ptr %t3, %t1
    return void
}
function @_YC___YC__deleting_entry__vtable_return_adjust(%arg0 : ptr) -> void [binding=weak, object=_ZThn8_N2YCD0Ev] {
  block ^entry:
    %t1 = index i8 %arg0, -8
    call void @YC___YC__deleting_entry(%t1)
    return void
}
function @_YC___YC__vtable_return_adjust(%arg0 : ptr) -> void [binding=weak, object=_ZThn8_N2YCD1Ev] {
  block ^entry:
    %t1 = index i8 %arg0, -8
    call void @YC___YC(%t1)
    return void
}
alias object _ZN2YCC2Ev = @YC__YC
alias object _ZN2YCD2Ev = @YC___YC
alias object _ZN2YBD2Ev = @YB___YB
alias object _ZN2YAD2Ev = @YA___YA
