function @main() -> i32 [role=entry, binding=strong, keep_alias=yes] {
  slot $cond__1 : i32

  block ^entry:
    %t1 = call i32 @test_traits__make_runtime()
    %t2 = cmp eq i32 %t1, 7
    branch %t2, ^cond_then_1, ^cond_else_2

  block ^cond_then_1:
    store i32 0, $cond__1
    jump ^cond_end_3

  block ^cond_else_2:
    store i32 1, $cond__1
    jump ^cond_end_3

  block ^cond_end_3:
    %t3 = load i32 $cond__1
    return i32 %t3
}
function @test_traits__make_runtime() -> i32 [binding=weak, object=_ZN11test_traits12make_runtimeEv] {
  slot $tmpobj__1 : obj<4x4>
  slot $tmpobj__2 : obj<1x1>

  block ^entry:
    %t1 = addr $tmpobj__1
    %t2 = addr $tmpobj__2
    call void @compile_traits__compile_traits(%t2)
    %t3 = call obj<4x4> @compile_traits__operatoradaptor_type(%t2)
    copyobj 4x4 %t3, %t1
    %t4 = call i32 @runtime_traits__make(%t1)
    return i32 %t4
}
function @runtime_traits__make(%this : ptr) -> i32 [binding=weak, object=_ZNK14runtime_traits4makeEv] {
  slot $this : ptr

  block ^entry:
    store ptr %this, $this
    %t1 = load ptr $this
    %t2 = index i8 [projection=field] %t1, 0
    %t3 = load i32 %t2
    return i32 %t3
}
function @compile_traits__operatoradaptor_type(%this : ptr) -> obj<4x4> [binding=weak, object=_ZNK14compile_traitscv14runtime_traitsEv] {
  slot $this : ptr
  slot $result : obj<4x4>
  slot $retobj__1 : obj<4x4>

  block ^entry:
    store ptr %this, $this
    %t1 = addr $result
    %t2 = addr $result
    %t3 = index i8 [projection=field] %t2, 0
    store i32 7, %t3
    %t4 = addr $retobj__1
    %t5 = addr $result
    copyobj 4x4 %t5, %t4
    return obj<4x4> $retobj__1
}
function @compile_traits__compile_traits(%this : ptr) -> void [unwind=no, binding=weak, object=_ZN14compile_traitsC1Ev, trivial_lifecycle=yes] {
  slot $this : ptr

  block ^entry:
    store ptr %this, $this
    return void
}
alias object _ZN14compile_traitsC2Ev = @compile_traits__compile_traits
