function @f(%s : obj<1x1>) -> u8 [binding=strong, object=_Z1f1S] {
  slot $s : obj<1x1>

  block ^entry:
    %t1 = addr $s
    %t2 = call u8 @S__operatorbool(%t1)
    return u8 %t2
}
function @main() -> i32 [role=entry, binding=strong, keep_alias=yes] {
  slot $cond__1 : i32
  slot $argobj__2 : obj<1x1>

  block ^entry:
    %t1 = addr $argobj__2
    call void @S__S(%t1)
    %t2 = call u8 @f($argobj__2)
    branch %t2, ^cond_then_1, ^cond_else_2

  block ^cond_then_1:
    store i32 0, $cond__1
    jump ^cond_end_3

  block ^cond_else_2:
    store i32 1, $cond__1
    jump ^cond_end_3

  block ^cond_end_3:
    %t3 = load i32 $cond__1
    return i32 %t3
}
function @S__S(%this : ptr) -> void [unwind=no, binding=weak, object=_ZN1SC1Ev, trivial_lifecycle=yes] {
  slot $this : ptr

  block ^entry:
    store ptr %this, $this
    return void
}
function @S__operatorbool(%this : ptr) -> u8 [binding=weak, object=_ZNK1ScvbEv] {
  slot $this : ptr

  block ^entry:
    store ptr %this, $this
    return u8 1
}
alias object _ZN1SC2Ev = @S__S
