global @z [binding=internal, object=_Z1z] = {
  zero 4
}
global @e [binding=internal, object=_Z1e] = {
  zero 1
}

function @main() -> i32 [role=entry, binding=strong, keep_alias=yes] {
  block ^entry:
    return i32 0
}
function @Zero__Zero(%this : ptr) -> void [unwind=no, binding=weak, object=_ZN4ZeroC1Ev, trivial_lifecycle=yes] {
  slot $this : ptr

  block ^entry:
    store ptr %this, $this
    return void
}
function @__cppgm_init() -> void [role=init, binding=internal] {
  block ^entry:
    return void
}
alias object _ZN4ZeroC2Ev = @Zero__Zero
