declare function @S__S(%arg0 : ptr) -> void [binding=strong, object=_ZN1SC1Ev]
declare function @S__S__ov2(%arg0 : ptr, %arg1 : ptr [pass=reference]) -> void [binding=strong, object=_ZN1SC1ERKS_]
declare function @S___S(%arg0 : ptr) -> void [binding=strong, object=_ZN1SD1Ev]

function @main() -> i32 [role=entry, binding=strong, keep_alias=yes] {
  slot $x : obj<1x1>
  slot $y : obj<1x1>
  slot $z : obj<1x1>
  slot $e : obj<3x1>

  block ^entry:
    %t1 = addr $x
    call void @S__S(%t1)
    %t2 = addr $y
    eh_try ^call_unwind_dispatch_1
    call void @S__S(%t2)
    eh_end
    jump ^call_unwind_end_2

  block ^call_unwind_dispatch_1:
    %t3 = addr $x
    call void @S___S(%t3)
    resume

  block ^call_unwind_end_2:
    %t4 = addr $z
    eh_try ^call_unwind_dispatch_3
    call void @S__S(%t4)
    eh_end
    jump ^call_unwind_end_4

  block ^call_unwind_dispatch_3:
    %t5 = addr $y
    call void @S___S(%t5)
    %t6 = addr $x
    call void @S___S(%t6)
    resume

  block ^call_unwind_end_4:
    %t7 = addr $e
    eh_try ^call_unwind_dispatch_5
    %t8 = addr $e
    %t9 = index i8 [projection=field] %t8, 0
    %t10 = addr $x
    call void @S__S__ov2(%t9, %t10)
    eh_end
    jump ^call_unwind_end_6

  block ^call_unwind_dispatch_5:
    %t11 = addr $z
    call void @S___S(%t11)
    %t12 = addr $y
    call void @S___S(%t12)
    %t13 = addr $x
    call void @S___S(%t13)
    resume

  block ^call_unwind_end_6:
    eh_try ^call_unwind_dispatch_5
    %t14 = addr $e
    %t15 = index i8 [projection=field] %t14, 1
    %t16 = addr $y
    call void @S__S__ov2(%t15, %t16)
    eh_end
    eh_try ^call_unwind_dispatch_5
    %t17 = addr $e
    %t18 = index i8 [projection=field] %t17, 2
    %t19 = addr $z
    call void @S__S__ov2(%t18, %t19)
    eh_end
    %t20 = addr $e
    %t21 = addr $e
    call void @E___E(%t21)
    %t22 = addr $z
    call void @S___S(%t22)
    %t23 = addr $y
    call void @S___S(%t23)
    %t24 = addr $x
    call void @S___S(%t24)
    return i32 0
}
function @E___E(%this : ptr) -> void [binding=weak, object=_ZN1ED1Ev] {
  slot $this : ptr

  block ^entry:
    store ptr %this, $this
    %t1 = load ptr $this
    %t2 = index i8 [projection=field] %t1, 2
    call void @S___S(%t2)
    %t3 = load ptr $this
    %t4 = index i8 [projection=field] %t3, 1
    call void @S___S(%t4)
    %t5 = load ptr $this
    %t6 = index i8 [projection=field] %t5, 0
    call void @S___S(%t6)
    return void
}
alias object _ZN1ED2Ev = @E___E
