global @__strlit__1 [binding=internal] = {
  i8 115
  i8 97
  i8 109
  i8 112
  i8 108
  i8 101
  i8 0
}
global @calls : i32 [binding=strong, object=_Z5calls] = 0

function @sample() -> void [binding=strong, object=_Z6samplev] {
  block ^entry:
    store i32 1, @calls
    return void
}
function @main() -> i32 [role=entry, binding=strong, keep_alias=yes] {
  slot $cond__1 : i32

  block ^entry:
    %t1 = addr @__strlit__1
    call void @api__detail__run_test(%t1)
    %t2 = load i32 @calls
    %t3 = cmp eq i32 %t2, 1
    branch %t3, ^cond_then_1, ^cond_else_2

  block ^cond_then_1:
    store i32 0, $cond__1
    jump ^cond_end_3

  block ^cond_else_2:
    store i32 1, $cond__1
    jump ^cond_end_3

  block ^cond_end_3:
    %t4 = load i32 $cond__1
    return i32 %t4
}
function @api__detail__run_test(%__param0 : ptr) -> void [binding=weak, object=_ZN3api6detail8run_testIXadL_Z6samplevEEEEvPKc] {
  slot $__param0 : ptr

  block ^entry:
    store ptr %__param0, $__param0
    %t1 = addr @sample
    %t2 = unary decay ptr %t1
    call void %t2() as () -> void
    return void
}
