function @consume_int(%value : i32) -> i32 [binding=strong, object=_Z11consume_inti] {
  slot $value : i32

  block ^entry:
    store i32 %value, $value
    %t1 = load i32 $value
    return i32 %t1
}
function @main() -> i32 [role=entry, binding=strong, keep_alias=yes] {
  slot $value : obj<1x1>
  slot $cond__1 : i32

  block ^entry:
    %t1 = addr $value
    %t2 = addr $value
    %t3 = call i32 @from_int___operatorU(%t2)
    %t4 = call i32 @consume_int(%t3)
    %t5 = cmp eq i32 %t4, 6
    branch %t5, ^cond_then_1, ^cond_else_2

  block ^cond_then_1:
    store i32 0, $cond__1
    jump ^cond_end_3

  block ^cond_else_2:
    store i32 1, $cond__1
    jump ^cond_end_3

  block ^cond_end_3:
    %t6 = load i32 $cond__1
    return i32 %t6
}
function @from_int___operatorU(%this : ptr) -> i32 [binding=weak, object=_ZNK4fromIiEcvT_IiEET_v] {
  slot $this : ptr

  block ^entry:
    store ptr %this, $this
    return i32 6
}
