function @main() -> i32 [role=entry, binding=strong, keep_alias=yes] {
  slot $q : obj<1x1>
  slot $cond__1 : i32

  block ^entry:
    %t1 = addr $q
    %t2 = addr $q
    %t3 = call i32 @operator__(%t2, 1)
    %t4 = cmp eq i32 %t3, 7
    branch %t4, ^cond_then_1, ^cond_else_2

  block ^cond_then_1:
    store i32 0, $cond__1
    jump ^cond_end_3

  block ^cond_else_2:
    store i32 1, $cond__1
    jump ^cond_end_3

  block ^cond_end_3:
    %t5 = load i32 $cond__1
    return i32 %t5
}
function @operator__(%__param0 : ptr [pass=reference], %__param1 : i32) -> i32 [binding=weak, object=_ZpLIi3vecIiEiEiR5queueIT_T0_4lessINS4_10value_typeEEET1_] {
  slot $__param0 : ptr
  slot $__param1 : i32

  block ^entry:
    store ptr %__param0, $__param0
    store i32 %__param1, $__param1
    return i32 7
}
