function @accept(%d : ptr [pass=reference]) -> i32 [binding=strong, object=_Z6acceptRK8durationIl3tagILi1EEE] {
  slot $d : ptr
  slot $cond__1 : i32

  block ^entry:
    store ptr %d, $d
    %t1 = load ptr $d
    %t2 = index i8 [projection=field] %t1, 0
    %t3 = load i64 %t2
    %t4 = cmp eq i64 %t3, 8
    branch %t4, ^cond_then_1, ^cond_else_2

  block ^cond_then_1:
    store i32 0, $cond__1
    jump ^cond_end_3

  block ^cond_else_2:
    store i32 1, $cond__1
    jump ^cond_end_3

  block ^cond_end_3:
    %t5 = load i32 $cond__1
    return i32 %t5
}
function @main() -> i32 [role=entry, binding=strong, keep_alias=yes] {
  slot $arg__1 : obj<8x8>
  slot $arg__2 : obj<4x4>

  block ^entry:
    %t1 = addr $arg__1
    %t2 = addr $arg__2
    call void @duration_int__tag_2____duration(%t2, 8)
    call void @duration_long_int__tag_1____duration__ov4(%t1, %t2)
    %t3 = call i32 @accept(%t1)
    return i32 %t3
}
function @duration_int__tag_2____duration(%this : ptr, %r : i32) -> void [binding=weak, object=_ZN8durationIi3tagILi2EEEC1Ei] {
  slot $this : ptr
  slot $r : i32

  block ^entry:
    store ptr %this, $this
    store i32 %r, $r
    %t1 = load i32 $r
    %t2 = load ptr $this
    %t3 = index i8 [projection=field] %t2, 0
    store i32 %t1, %t3
    return void
}
function @duration_long_int__tag_1____duration__ov4(%this : ptr, %other : ptr [pass=reference]) -> void [binding=weak, object=_ZN8durationIl3tagILi1EEEC1IiS0_ILi2EEEERKS_IT_T0_E] {
  slot $this : ptr
  slot $other : ptr

  block ^entry:
    store ptr %this, $this
    store ptr %other, $other
    %t1 = load ptr $other
    %t2 = index i8 [projection=field] %t1, 0
    %t3 = load i32 %t2
    %t4 = convert sext i64 i32 %t3
    %t5 = load ptr $this
    %t6 = index i8 [projection=field] %t5, 0
    store i64 %t4, %t6
    return void
}
alias object _ZN8durationIi3tagILi2EEEC2Ei = @duration_int__tag_2____duration
alias object _ZN8durationIl3tagILi1EEEC2IiS0_ILi2EEEERKS_IT_T0_E = @duration_long_int__tag_1____duration__ov4
