function @f(%__param0 : i32) -> i32 [binding=strong, object=_Z1fi] {
  slot $__param0 : i32

  block ^entry:
    store i32 %__param0, $__param0
    return i32 2
}
function @main() -> i32 [role=entry, binding=strong, keep_alias=yes] {
  slot $x : i32

  block ^entry:
    store i32 0, $x
    %t1 = addr $x
    %t2 = call i32 @f__ov2(%t1)
    %t3 = load i32 $x
    %t4 = call i32 @f(%t3)
    %t5 = binary add i32 %t2, %t4
    %t6 = binary sub i32 %t5, 3
    return i32 %t6
}
function @f__ov2(%__param0 : ptr) -> i32 [binding=weak, object=_Z1fIPivEiT_] {
  slot $__param0 : ptr

  block ^entry:
    store ptr %__param0, $__param0
    return i32 1
}
