declare function @source() -> ptr [binding=strong, object=_Z6sourcev]

function @main() -> i32 [role=entry, binding=strong, keep_alias=yes] {
  slot $cond__1 : i32
  slot $tmpobj__2 : obj<8x8>

  block ^entry:
    %t1 = addr $tmpobj__2
    %t2 = call ptr @source()
    %t3 = call obj<8x8> @holder_int___make(%t2)
    copyobj 8x8 %t3, %t1
    %t4 = index i8 [projection=field] %t1, 0
    %t5 = load ptr %t4
    branch %t5, ^cond_then_1, ^cond_else_2

  block ^cond_then_1:
    store i32 1, $cond__1
    jump ^cond_end_3

  block ^cond_else_2:
    store i32 0, $cond__1
    jump ^cond_end_3

  block ^cond_end_3:
    %t6 = load i32 $cond__1
    return i32 %t6
}
function @holder_int___make(%p : ptr) -> obj<8x8> [binding=weak, object=_ZN6holderIiE4makeIiEES0_PT_] {
  slot $p : ptr
  slot $retobj__1 : obj<8x8>

  block ^entry:
    store ptr %p, $p
    %t1 = addr $retobj__1
    %t2 = load ptr $p
    call void @holder_int___holder__ov3(%t1, %t2)
    return obj<8x8> $retobj__1
}
function @holder_int___holder__ov3(%this : ptr, %p : ptr) -> void [binding=weak, object=_ZN6holderIiEC1IiEEPT_] {
  slot $this : ptr
  slot $p : ptr

  block ^entry:
    store ptr %this, $this
    store ptr %p, $p
    %t1 = load ptr $p
    %t2 = load ptr $this
    %t3 = index i8 [projection=field] %t2, 0
    store ptr %t1, %t3
    return void
}
alias object _ZN6holderIiEC2IiEEPT_ = @holder_int___holder__ov3
