declare function @source_duration() -> ptr [binding=strong, object=_Z15source_durationv]

function @main() -> i32 [role=entry, binding=strong, keep_alias=yes] {
  slot $tmpobj__1 : obj<4x4>

  block ^entry:
    %t1 = addr $tmpobj__1
    %t2 = call ptr @source_duration()
    %t3 = call obj<4x4> @duration_like_int___cast(%t2)
    copyobj 4x4 %t3, %t1
    %t4 = index i8 [projection=field] %t1, 0
    %t5 = load i32 %t4
    %t6 = binary sub i32 %t5, 7
    return i32 %t6
}
function @duration_like_int___cast(%other : ptr [pass=reference]) -> obj<4x4> [binding=weak, object=_ZN13duration_likeIiE4castIxEES0_RKS_IT_E] {
  slot $other : ptr
  slot $retobj__1 : obj<4x4>

  block ^entry:
    store ptr %other, $other
    %t1 = addr $retobj__1
    %t2 = load ptr $other
    call void @duration_like_int___duration_like__ov4(%t1, %t2)
    return obj<4x4> $retobj__1
}
function @duration_like_int___duration_like__ov4(%this : ptr, %other : ptr [pass=reference]) -> void [binding=weak, object=_ZN13duration_likeIiEC1IxvEERKS_IT_E] {
  slot $this : ptr
  slot $other : ptr

  block ^entry:
    store ptr %this, $this
    store ptr %other, $other
    %t1 = load ptr $other
    %t2 = index i8 [projection=field] %t1, 0
    %t3 = load i64 %t2
    %t4 = convert trunc i32 i64 %t3
    %t5 = load ptr $this
    %t6 = index i8 [projection=field] %t5, 0
    store i32 %t4, %t6
    return void
}
alias object _ZN13duration_likeIiEC2IxvEERKS_IT_E = @duration_like_int___duration_like__ov4
