function @main() -> i32 [role=entry, binding=strong, keep_alias=yes] {
  slot $a : obj<20x4>
  slot $b : obj<20x4>

  block ^entry:
    %t1 = addr $a
    store i32 0, %t1
    %t2 = index i8 %t1, 4
    store i32 1, %t2
    %t3 = index i8 %t1, 8
    store i32 2, %t3
    %t4 = index i8 %t1, 12
    store i32 3, %t4
    %t5 = index i8 %t1, 16
    store i32 4, %t5
    %t6 = addr $b
    store i32 5, %t6
    %t7 = index i8 %t6, 4
    store i32 6, %t7
    %t8 = index i8 %t6, 8
    store i32 7, %t8
    %t9 = index i8 %t6, 12
    store i32 8, %t9
    %t10 = index i8 %t6, 16
    store i32 9, %t10
    %t11 = addr $a
    %t12 = addr $b
    %t13 = call i32 @guarded_extent(%t11, %t12)
    %t14 = binary sub i32 %t13, 5
    return i32 %t14
}
function @guarded_extent(%__param0 : ptr [pass=reference], %__param1 : ptr [pass=reference]) -> i32 [binding=weak, object=_Z14guarded_extentIiLj5ETnN9enable_ifIXsr6is_intIT_EE5valueEiE4typeELi0EEiRAT0__S1_S5_] {
  slot $__param0 : ptr
  slot $__param1 : ptr

  block ^entry:
    store ptr %__param0, $__param0
    store ptr %__param1, $__param1
    return i32 5
}
