function @ns__operator_(%x : ptr [pass=reference], %y : ptr [pass=reference]) -> i64 [binding=weak, object=_ZN2nsmiERKNS_4BaseES2_] {
  slot $x : ptr
  slot $y : ptr

  block ^entry:
    store ptr %x, $x
    store ptr %y, $y
    return i64 3
}
function @ns__It__It(%this : ptr) -> void [unwind=no, binding=weak, object=_ZN2ns2ItC1Ev, trivial_lifecycle=yes] {
  slot $this : ptr

  block ^entry:
    store ptr %this, $this
    return void
}
function @main() -> i32 [role=entry, binding=strong, keep_alias=yes] {
  slot $v : obj<1x1>
  slot $cond__1 : i32

  block ^entry:
    %t1 = addr $v
    %t2 = addr $v
    %t3 = call i64 @ns__Vec__size(%t2)
    %t4 = convert sext i64 i32 3
    %t5 = cmp eq i64 %t3, %t4
    branch %t5, ^cond_then_1, ^cond_else_2

  block ^cond_then_1:
    store i32 0, $cond__1
    jump ^cond_end_3

  block ^cond_else_2:
    store i32 1, $cond__1
    jump ^cond_end_3

  block ^cond_end_3:
    %t6 = load i32 $cond__1
    return i32 %t6
}
function @ns__Vec__size(%this : ptr) -> i64 [binding=weak, object=_ZNK2ns3Vec4sizeEv] {
  slot $this : ptr
  slot $tmpobj__1 : obj<1x1>
  slot $tmpobj__2 : obj<1x1>

  block ^entry:
    store ptr %this, $this
    %t1 = addr $tmpobj__1
    %t2 = load ptr $this
    %t3 = call obj<1x1> @ns__Vec__end(%t2)
    copyobj 1x1 %t3, %t1
    %t4 = index i8 [projection=base_subobject] %t1, 0
    %t5 = addr $tmpobj__2
    %t6 = load ptr $this
    %t7 = call obj<1x1> @ns__Vec__begin(%t6)
    copyobj 1x1 %t7, %t5
    %t8 = index i8 [projection=base_subobject] %t5, 0
    %t9 = call i64 @ns__operator_(%t4, %t8)
    %t10 = copy i64 %t9
    return i64 %t10
}
function @ns__Vec__end(%this : ptr) -> obj<1x1> [binding=weak, object=_ZNK2ns3Vec3endEv] {
  slot $this : ptr
  slot $retobj__1 : obj<1x1>

  block ^entry:
    store ptr %this, $this
    %t1 = addr $retobj__1
    call void @ns__It__It(%t1)
    return obj<1x1> $retobj__1
}
function @ns__Vec__begin(%this : ptr) -> obj<1x1> [binding=weak, object=_ZNK2ns3Vec5beginEv] {
  slot $this : ptr
  slot $retobj__1 : obj<1x1>

  block ^entry:
    store ptr %this, $this
    %t1 = addr $retobj__1
    call void @ns__It__It(%t1)
    return obj<1x1> $retobj__1
}
alias object _ZN2ns2ItC2Ev = @ns__It__It
