declare global @__external_rtti_vtable____class_type_info [binding=strong, object=_ZTVN10__cxxabiv117__class_type_infoE]
declare global @__external_rtti_vtable____si_class_type_info [binding=strong, object=_ZTVN10__cxxabiv120__si_class_type_infoE]
declare function @operator_delete(%arg0 : ptr) -> void [unwind=no, binding=strong, object=cppgm_builtin_operator_delete]
declare function @__cxa_pure_virtual(%arg0 : ptr, %arg1 : ptr [pass=reference], %arg2 : ptr [pass=reference], %arg3 : i32) -> void [effects=readnone, unwind=no, return=noreturn, binding=strong]

global @__typeinfo_name__struct_pa18_reentrant_override_derived [storage=readonly, binding=weak, object=_ZTS31pa18_reentrant_override_derived] = {
  i8 51
  i8 49
  i8 112
  i8 97
  i8 49
  i8 56
  i8 95
  i8 114
  i8 101
  i8 101
  i8 110
  i8 116
  i8 114
  i8 97
  i8 110
  i8 116
  i8 95
  i8 111
  i8 118
  i8 101
  i8 114
  i8 114
  i8 105
  i8 100
  i8 101
  i8 95
  i8 100
  i8 101
  i8 114
  i8 105
  i8 118
  i8 101
  i8 100
  i8 0
}
global @__typeinfo_name__struct_pa18_reentrant_override_base [storage=readonly, binding=weak, object=_ZTS28pa18_reentrant_override_base] = {
  i8 50
  i8 56
  i8 112
  i8 97
  i8 49
  i8 56
  i8 95
  i8 114
  i8 101
  i8 101
  i8 110
  i8 116
  i8 114
  i8 97
  i8 110
  i8 116
  i8 95
  i8 111
  i8 118
  i8 101
  i8 114
  i8 114
  i8 105
  i8 100
  i8 101
  i8 95
  i8 98
  i8 97
  i8 115
  i8 101
  i8 0
}
global @__rtti_struct_pa18_reentrant_override_base [storage=readonly, binding=weak, object=_ZTI28pa18_reentrant_override_base] = {
  ptr addr @__external_rtti_vtable____class_type_info + 16
  ptr addr @__typeinfo_name__struct_pa18_reentrant_override_base
}
global @__rtti_struct_pa18_reentrant_override_derived [storage=readonly, binding=weak, object=_ZTI31pa18_reentrant_override_derived] = {
  ptr addr @__external_rtti_vtable____si_class_type_info + 16
  ptr addr @__typeinfo_name__struct_pa18_reentrant_override_derived
  ptr addr @__rtti_struct_pa18_reentrant_override_base
}
global @pa18_reentrant_override_derived__vtable [storage=readonly, binding=strong, object=_ZTV31pa18_reentrant_override_derived] = {
  i64 0
  ptr addr @__rtti_struct_pa18_reentrant_override_derived
  ptr addr @pa18_reentrant_override_derived___pa18_reentrant_override_derived
  ptr addr @pa18_reentrant_override_derived___pa18_reentrant_override_derived__deleting_entry
  ptr addr @pa18_reentrant_override_derived__start
}
global @pa18_reentrant_override_base__vtable [storage=readonly, binding=weak, object=_ZTV28pa18_reentrant_override_base] = {
  i64 0
  ptr addr @__rtti_struct_pa18_reentrant_override_base
  ptr addr @pa18_reentrant_override_base___pa18_reentrant_override_base
  ptr addr @pa18_reentrant_override_base___pa18_reentrant_override_base__deleting_entry
  ptr addr @__cxa_pure_virtual
}

function @pa18_reentrant_override_derived___pa18_reentrant_override_derived__deleting_entry(%this : ptr) -> void [binding=weak, object=_ZN31pa18_reentrant_override_derivedD0Ev] {
  slot $this : ptr

  block ^entry:
    store ptr %this, $this
    %t1 = load ptr $this
    %t2 = addr @pa18_reentrant_override_derived__vtable
    %t3 = index i8 %t2, 16
    store ptr %t3, %t1
    %t4 = load ptr $this
    %t5 = index i8 [projection=base_subobject] %t4, 0
    call void @pa18_reentrant_override_base___pa18_reentrant_override_base__base_entry(%t5)
    %t6 = load ptr $this
    call void @operator_delete(%t6)
    return void
}
function @pa18_reentrant_override_derived___pa18_reentrant_override_derived(%this : ptr) -> void [binding=weak, object=_ZN31pa18_reentrant_override_derivedD1Ev] {
  slot $this : ptr

  block ^entry:
    store ptr %this, $this
    %t1 = load ptr $this
    %t2 = addr @pa18_reentrant_override_derived__vtable
    %t3 = index i8 %t2, 16
    store ptr %t3, %t1
    %t4 = load ptr $this
    %t5 = index i8 [projection=base_subobject] %t4, 0
    call void @pa18_reentrant_override_base___pa18_reentrant_override_base__base_entry(%t5)
    return void
}
function @pa18_reentrant_override_derived__start(%this : ptr, %__param1 : ptr [pass=reference], %__param2 : ptr [pass=reference], %__param3 : i32) -> void [binding=strong, object=_ZN31pa18_reentrant_override_derived5startER30pa18_reentrant_override_streamRK29pa18_reentrant_override_entryN28pa18_reentrant_override_base10entry_kindE] {
  slot $this : ptr
  slot $__param1 : ptr
  slot $__param2 : ptr
  slot $__param3 : i32

  block ^entry:
    store ptr %this, $this
    store ptr %__param1, $__param1
    store ptr %__param2, $__param2
    store i32 %__param3, $__param3
    return void
}
function @main() -> i32 [role=entry, binding=strong, keep_alias=yes] {
  slot $d : obj<16x8>

  block ^entry:
    %t1 = addr $d
    call void @pa18_reentrant_override_derived__pa18_reentrant_override_derived(%t1)
    %t2 = addr $d
    %t3 = addr $d
    call void @pa18_reentrant_override_derived___pa18_reentrant_override_derived(%t3)
    return i32 0
}
function @pa18_reentrant_override_base___pa18_reentrant_override_base__base_entry(%this : ptr) -> void [binding=weak, object=_ZN28pa18_reentrant_override_baseD2Ev] {
  slot $this : ptr

  block ^entry:
    store ptr %this, $this
    %t1 = load ptr $this
    %t2 = addr @pa18_reentrant_override_base__vtable
    %t3 = index i8 %t2, 16
    store ptr %t3, %t1
    return void
}
function @pa18_reentrant_override_base___pa18_reentrant_override_base__deleting_entry(%this : ptr) -> void [binding=weak, object=_ZN28pa18_reentrant_override_baseD0Ev] {
  slot $this : ptr

  block ^entry:
    store ptr %this, $this
    %t1 = load ptr $this
    %t2 = addr @pa18_reentrant_override_base__vtable
    %t3 = index i8 %t2, 16
    store ptr %t3, %t1
    %t4 = load ptr $this
    call void @operator_delete(%t4)
    return void
}
function @pa18_reentrant_override_base___pa18_reentrant_override_base(%this : ptr) -> void [binding=weak, object=_ZN28pa18_reentrant_override_baseD1Ev] {
  slot $this : ptr

  block ^entry:
    store ptr %this, $this
    %t1 = load ptr $this
    %t2 = addr @pa18_reentrant_override_base__vtable
    %t3 = index i8 %t2, 16
    store ptr %t3, %t1
    return void
}
function @pa18_reentrant_override_derived__pa18_reentrant_override_derived(%this : ptr) -> void [unwind=no, binding=weak, object=_ZN31pa18_reentrant_override_derivedC1Ev] {
  slot $this : ptr

  block ^entry:
    store ptr %this, $this
    %t1 = load ptr $this
    %t2 = index i8 [projection=base_subobject] %t1, 0
    call void @pa18_reentrant_override_base__pa18_reentrant_override_base__base_entry(%t2)
    %t3 = load ptr $this
    %t4 = addr @pa18_reentrant_override_derived__vtable
    %t5 = index i8 %t4, 16
    store ptr %t5, %t3
    return void
}
function @pa18_reentrant_override_base__pa18_reentrant_override_base__base_entry(%this : ptr) -> void [unwind=no, binding=weak, object=_ZN28pa18_reentrant_override_baseC2Ev] {
  slot $this : ptr

  block ^entry:
    store ptr %this, $this
    %t1 = load ptr $this
    %t2 = addr @pa18_reentrant_override_base__vtable
    %t3 = index i8 %t2, 16
    store ptr %t3, %t1
    return void
}
alias object _ZN31pa18_reentrant_override_derivedD2Ev = @pa18_reentrant_override_derived___pa18_reentrant_override_derived
alias object _ZN28pa18_reentrant_override_baseD2Ev = @pa18_reentrant_override_base___pa18_reentrant_override_base
alias object _ZN31pa18_reentrant_override_derivedC2Ev = @pa18_reentrant_override_derived__pa18_reentrant_override_derived
