global @D_int___k : i64 [binding=weak, object=_ZN1DIiE1kE] = 7

function @main() -> i32 [role=entry, binding=strong, keep_alias=yes] {
  slot $tmpobj__1 : obj<1x1>

  block ^entry:
    %t1 = addr $tmpobj__1
    call void @D_int___R__R(%t1)
    %t2 = call i64 @D_int___R__f(%t1)
    %t3 = binary sub i64 %t2, 7
    %t4 = convert trunc i32 i64 %t3
    return i32 %t4
}
function @D_int___R__f(%this : ptr) -> i64 [binding=weak, object=_ZNK1DIiE1R1fEv] {
  slot $this : ptr

  block ^entry:
    store ptr %this, $this
    return i64 7
}
function @D_int___R__R(%this : ptr) -> void [unwind=no, binding=weak, object=_ZN1DIiE1RC1Ev, trivial_lifecycle=yes] {
  slot $this : ptr

  block ^entry:
    store ptr %this, $this
    return void
}
alias object _ZN1DIiE1RC2Ev = @D_int___R__R
